
> archonic-codex@1.0.0 build
> vite build

[36mvite v6.4.1 [32mbuilding for production...[36m[39m
node.exe : (node:2260) [MODU
LE_TYPELESS_PACKAGE_JSON] 
Warning: Module type of file
:///C:/Users/Admin/Desktop/A
shraf%20Morningstar/Project%
20Graveyard/archonic-codex/p
ostcss.config.js?t=176641946
3387 is not specified and 
it doesn't parse as 
CommonJS.
At line:1 char:1
+ & "C:\Program 
Files\nodejs/node.exe" 
"C:\Program 
Files\nodejs/node_mo ...
+ ~~~~~~~~~~~~~~~~~~~~~~~~~~
~~~~~~~~~~~~~~~~~~~~~~~~~~~~
~~~~~~~~~~~~~~~
    + CategoryInfo          
    : NotSpecified: ((node  
  :2260) [MO...se as Comm   
 onJS.:String) [], Remot    
eException
    + FullyQualifiedErrorId 
    : NativeCommandError
 
Reparsing as ES module 
because module syntax was 
detected. This incurs a 
performance overhead.
To eliminate this warning, 
add "type": "module" to C:\U
sers\Admin\Desktop\Ashraf 
Morningstar\Project Graveyar
d\archonic-codex\package.jso
n.
(Use `node --trace-warnings 
...` to show where the 
warning was created)
transforming...
[32mΓ£ô[39m 2 modules transformed.
[31mΓ£ù[39m Build failed 
in 490ms
[31merror during build:
[31m[vite:css] [postcss] 
It looks like you're trying 
to use `tailwindcss` 
directly as a PostCSS 
plugin. The PostCSS plugin 
has moved to a separate 
package, so to continue 
using Tailwind CSS with 
PostCSS you'll need to 
install 
`@tailwindcss/postcss` and 
update your PostCSS 
configuration.[31m
file: [36mC:/Users/Admin/De
sktop/Ashraf 
Morningstar/Project Graveyar
d/archonic-codex/index.html?
html-proxy&inline-css&index=
0.css:undefined:NaN[31m
    at lt (C:\Users\Admin\De
sktop\Ashraf 
Morningstar\Project Graveyar
d\archonic-codex\node_module
s\tailwindcss\dist\lib.js:38
:1643)
    at LazyResult.runOnRoot 
(C:\Users\Admin\Desktop\Ashr
af Morningstar\Project Grave
yard\archonic-codex\node_mod
ules\postcss\lib\lazy-result
.js:361:16)
    at LazyResult.runAsync (
C:\Users\Admin\Desktop\Ashra
f Morningstar\Project Gravey
ard\archonic-codex\node_modu
les\postcss\lib\lazy-result.
js:290:26)
    at LazyResult.async (C:\
Users\Admin\Desktop\Ashraf 
Morningstar\Project Graveyar
d\archonic-codex\node_module
s\postcss\lib\lazy-result.js
:192:30)
    at LazyResult.then (C:\U
sers\Admin\Desktop\Ashraf 
Morningstar\Project Graveyar
d\archonic-codex\node_module
s\postcss\lib\lazy-result.js
:436:17)[39m
